// Jest Snapshot v1, https://goo.gl/fbAQLP

exports[`<JobListPage /> displays a job listing 1`] = `"<ul class=\\"pt-job-list\\"><li><a href=\\"/position/1-senior-front-end-developer\\"><span><span class=\\"title\\">Senior Front End Developer</span><span class=\\"location\\">Vienna</span></span><span>43.400,00 – 58.800,00 EUR</span><time datetime=\\"1518282760000\\">7 days ago</time></a></li><li><a href=\\"/position/2-senior-php-developer\\"><span><span class=\\"title\\">Senior PHP Developer</span><span class=\\"location\\">Vienna</span></span><span>49.000,00 – 65.800,00 EUR</span><time datetime=\\"1518874730000\\">3 hours ago</time></a></li><li><a href=\\"/position/3-back-end-architect\\"><span><span class=\\"title\\">Back End Architect</span><span class=\\"location\\">Vienna</span></span><span>40.600,00 – 65.800,00 EUR</span><time datetime=\\"1518873759000\\">3 hours ago</time></a></li><li><a href=\\"/position/4-ui-developer\\"><span><span class=\\"title\\">UI Developer</span><span class=\\"location\\">Vienna</span></span><span>40.600,00 – 67.200,00 EUR</span><time datetime=\\"1518872835000\\">3 hours ago</time></a></li><li><a href=\\"/position/5-principal-javascript-manager\\"><span><span class=\\"title\\">Principal JavaScript Manager</span><span class=\\"location\\">Vienna</span></span><span>36.400,00 – 61.600,00 EUR</span><time datetime=\\"1518872533000\\">3 hours ago</time></a></li><li><a href=\\"/position/6-regular-javascript-engineer\\"><span><span class=\\"title\\">Regular JavaScript Engineer</span><span class=\\"location\\">Vienna</span></span><span>40.600,00 – 56.000,00 EUR</span><time datetime=\\"1518871992000\\">4 hours ago</time></a></li></ul>"`;

exports[`<JobListPage /> displays a loading screen 1`] = `"<span>Loading…</span>"`;
